// Jest Snapshot v1, https://goo.gl/fbAQLP

exports[`should render CardList component 1`] = `ShallowWrapper {}`;
